C51 COMPILER V9.59.0.0   LCD1602                                                           04/01/2019 21:26:52 PAGE 1   


C51 COMPILER V9.59.0.0, COMPILATION OF MODULE LCD1602
OBJECT MODULE PLACED IN .\Objects\lcd1602.obj
COMPILER INVOKED BY: D:\A\Keil_MDK5.25\C51\BIN\C51.EXE lcd1602.c OPTIMIZE(8,SPEED) BROWSE DEBUG OBJECTEXTEND PRINT(.\Lis
                    -tings\lcd1602.lst) TABS(2) OBJECT(.\Objects\lcd1602.obj)

line level    source

   1          #include "lcd1602.h"
   2          
   3          
   4          
   5          sbit lcd1602_E   = P2^7;      
   6          sbit lcd1602_RW = P2^6;     
   7          sbit lcd1602_RS = P2^5;     
   8          
   9          // Internal functions prototype:
  10          static void delay5ms(void);
  11          static void lcd1602_wait_noBusy(void);
  12          static void lcd1602_write_cmd(u8 cmd);
  13          static void lcd1602_write_data(u8 dat);
  14          
  15          
  16          
  17          static void lcd1602_wait_noBusy(void)  
  18          {
  19   1          u8 sta = 0;      //
  20   1      
  21   1          LCD1602_DATA_PORT = 0xff;
  22   1          lcd1602_RS = 0;
  23   1          lcd1602_RW = 1;
  24   1          do
  25   1          {
  26   2              lcd1602_E = 1;
  27   2              sta = LCD1602_DATA_PORT;
  28   2              lcd1602_E = 0;    
  29   2          }while(sta & 0x80);
  30   1      }
  31          
  32          static void lcd1602_write_cmd(u8 cmd)   
  33          {
  34   1        lcd1602_wait_noBusy();    
  35   1      
  36   1        lcd1602_E = 0;        
  37   1        lcd1602_RS = 0;       
  38   1        lcd1602_RW = 0;       
  39   1        LCD1602_DATA_PORT = cmd;    
  40   1        lcd1602_E = 1;              
  41   1        lcd1602_E = 0;        
  42   1      }
  43          
  44          static void lcd1602_write_data(u8 dat)      
  45          {
  46   1        lcd1602_wait_noBusy();    
  47   1      
  48   1        lcd1602_E = 0;        
  49   1        lcd1602_RS = 1;       
  50   1        lcd1602_RW = 0;       
  51   1        LCD1602_DATA_PORT = dat;   
  52   1        lcd1602_E = 1;              
  53   1        lcd1602_E = 0;        
  54   1      }
C51 COMPILER V9.59.0.0   LCD1602                                                           04/01/2019 21:26:52 PAGE 2   

  55          
  56          void lcd1602_Init(void)           
  57          {
  58   1        lcd1602_write_cmd(0x38);    
  59   1        delay5ms();         
  60   1        lcd1602_write_cmd(0x38);    
  61   1        delay5ms();         
  62   1        lcd1602_write_cmd(0x38);    
  63   1        delay5ms();         
  64   1        lcd1602_write_cmd(0x38);    
  65   1        lcd1602_write_cmd(0x08);    
  66   1        lcd1602_write_cmd(0x01);    
  67   1        lcd1602_write_cmd(0x06);    
  68   1        lcd1602_write_cmd(0x0c);    
  69   1      }
  70          
  71          
  72          
  73          
  74          void lcd1602_set_cursor(u8 x, u8 y)  
  75          {
  76   1          u8 addr = 0;
  77   1      
  78   1          switch (y)
  79   1        {
  80   2          case 0:           
  81   2            addr = 0x00 + x;    break;  
  82   2          case 1:           
  83   2            addr = 0x40 + x;    break;
  84   2          default:
  85   2                        break;
  86   2        }
  87   1          lcd1602_write_cmd(addr | 0x80);
  88   1      }
  89          
  90          void lcd1602_show_str(u8 x, u8 y, u8 *pStr, u8 size)     
  91          {
  92   1          lcd1602_set_cursor(x, y);      
  93   1          while (size--)
  94   1          {
  95   2              lcd1602_write_data(*pStr++);
  96   2          }
  97   1      }
  98          
  99          // void lcd1602_print(u8 *pStr)     
 100          // {
 101          //  u8 x = 0;
 102          //     lcd1602_set_cursor(x, 0);      
 103          //     while (*pStr != '\0')
 104          //     {
 105          //         lcd1602_write_data(*pStr++);
 106          //      if(x++ == 15)
 107          //        lcd1602_set_cursor(0, 1);
 108          //     }
 109          // }
 110          
 111          
 112          static void delay5ms(void)   
 113          {
 114   1          unsigned char a,b;
 115   1          for(b=19;b>0;b--)
 116   1              for(a=130;a>0;a--);
C51 COMPILER V9.59.0.0   LCD1602                                                           04/01/2019 21:26:52 PAGE 3   

 117   1      }  
 118          
 119          
 120          
 121          
 122          
 123          
 124          
 125          
 126          
 127          
 128          
 129          
 130          
 131          
 132          
 133          
 134          
 135          
 136          
 137          
 138          
 139          
 140          
 141          
 142          
 143          


MODULE INFORMATION:   STATIC OVERLAYABLE
   CODE SIZE        =    188    ----
   CONSTANT SIZE    =   ----    ----
   XDATA SIZE       =   ----    ----
   PDATA SIZE       =   ----    ----
   DATA SIZE        =   ----       6
   IDATA SIZE       =   ----    ----
   BIT SIZE         =   ----    ----
END OF MODULE INFORMATION.


C51 COMPILATION COMPLETE.  0 WARNING(S),  0 ERROR(S)
